2026-08-17 10:24:07 [main] INFO  testCases.TC001_RegistrationPage - **** Test TC001_RegistrationPage  is Starred..****
2026-08-17 10:24:07 [main] INFO  testCases.TC001_RegistrationPage - Clicked MyAccount
2026-08-17 10:24:08 [main] INFO  testCases.TC001_RegistrationPage - Clicked Resgister
2026-08-17 10:24:08 [main] INFO  testCases.TC001_RegistrationPage - Entering User Information
2026-08-17 10:24:10 [main] INFO  testCases.TC001_RegistrationPage - Test is Finished
2026-08-17 10:24:15 [main] INFO  testCases.TC002_LoginPage - *** Test TC002_LoginPage started ***
2026-08-17 10:24:16 [main] INFO  testCases.TC002_LoginPage - Entering the credentials
2026-08-17 10:27:27 [main] INFO  testCases.TC001_RegistrationPage - **** Test TC001_RegistrationPage  is Starred..****
2026-08-17 10:27:27 [main] INFO  testCases.TC001_RegistrationPage - Clicked MyAccount
2026-08-17 10:27:27 [main] INFO  testCases.TC001_RegistrationPage - Clicked Resgister
2026-08-17 10:27:27 [main] INFO  testCases.TC001_RegistrationPage - Entering User Information
2026-08-17 10:27:29 [main] INFO  testCases.TC001_RegistrationPage - Test is Finished
2026-08-17 10:27:31 [main] INFO  testCases.TC002_LoginPage - *** Test TC002_LoginPage started ***
2026-08-17 10:27:31 [main] INFO  testCases.TC002_LoginPage - Entering the credentials
2026-08-17 10:28:46 [main] INFO  testCases.TC001_RegistrationPage - **** Test TC001_RegistrationPage  is Starred..****
2026-08-17 10:28:46 [main] INFO  testCases.TC001_RegistrationPage - Clicked MyAccount
2026-08-17 10:28:47 [main] INFO  testCases.TC001_RegistrationPage - Clicked Resgister
2026-08-17 10:28:47 [main] INFO  testCases.TC001_RegistrationPage - Entering User Information
2026-08-17 10:28:49 [main] INFO  testCases.TC001_RegistrationPage - Test is Finished
2026-08-17 10:28:52 [main] INFO  testCases.TC002_LoginPage - *** Test TC002_LoginPage started ***
2026-08-17 10:28:52 [main] INFO  testCases.TC002_LoginPage - Entering the credentials
2026-08-17 10:28:53 [main] INFO  testCases.TC002_LoginPage - *** Test TC002_LoginPage Ended ***
2026-08-17 11:05:25 [main] INFO  testCases.TC001_RegistrationPage - **** Test TC001_RegistrationPage  is Starred..****
2026-08-17 11:05:25 [main] INFO  testCases.TC001_RegistrationPage - Clicked MyAccount
2026-08-17 11:05:26 [main] INFO  testCases.TC001_RegistrationPage - Clicked Resgister
2026-08-17 11:05:26 [main] INFO  testCases.TC001_RegistrationPage - Entering User Information
2026-08-17 11:05:27 [main] INFO  testCases.TC001_RegistrationPage - Test is Finished
2026-08-17 11:05:31 [main] INFO  testCases.TC002_LoginPage - *** Test TC002_LoginPage started ***
2026-08-17 11:05:32 [main] INFO  testCases.TC002_LoginPage - Entering the credentials
2026-08-17 11:05:33 [main] INFO  testCases.TC002_LoginPage - *** Test TC002_LoginPage Ended ***
2026-08-17 11:07:42 [main] INFO  testCases.TC001_RegistrationPage - **** Test TC001_RegistrationPage  is Starred..****
2026-08-17 11:07:42 [main] INFO  testCases.TC001_RegistrationPage - Clicked MyAccount
2026-08-17 11:07:43 [main] INFO  testCases.TC001_RegistrationPage - Clicked Resgister
2026-08-17 11:07:43 [main] INFO  testCases.TC001_RegistrationPage - Entering User Information
2026-08-17 11:07:44 [main] INFO  testCases.TC001_RegistrationPage - Test is Finished
2026-08-17 11:07:46 [main] INFO  testCases.TC002_LoginPage - *** Test TC002_LoginPage started ***
2026-08-17 11:07:47 [main] INFO  testCases.TC002_LoginPage - Entering the credentials
2026-08-17 11:07:48 [main] INFO  testCases.TC002_LoginPage - *** Test TC002_LoginPage Ended ***
2026-08-17 11:10:13 [main] INFO  testCases.TC001_RegistrationPage - **** Test TC001_RegistrationPage  is Starred..****
2026-08-17 11:10:13 [main] INFO  testCases.TC001_RegistrationPage - Clicked MyAccount
2026-08-17 11:10:14 [main] INFO  testCases.TC001_RegistrationPage - Clicked Resgister
2026-08-17 11:10:14 [main] INFO  testCases.TC001_RegistrationPage - Entering User Information
2026-08-17 11:10:16 [main] INFO  testCases.TC001_RegistrationPage - Test is Finished
2026-08-17 11:10:18 [main] INFO  testCases.TC002_LoginPage - *** Test TC002_LoginPage started ***
2026-08-17 11:10:19 [main] INFO  testCases.TC002_LoginPage - Entering the credentials
2026-08-17 11:10:20 [main] INFO  testCases.TC002_LoginPage - *** Test TC002_LoginPage Ended ***
2026-08-17 11:12:57 [main] INFO  testCases.TC001_RegistrationPage - **** Test TC001_RegistrationPage  is Starred..****
2026-08-17 11:12:57 [main] INFO  testCases.TC001_RegistrationPage - Clicked MyAccount
2026-08-17 11:12:57 [main] INFO  testCases.TC001_RegistrationPage - Clicked Resgister
2026-08-17 11:12:57 [main] INFO  testCases.TC001_RegistrationPage - Entering User Information
2026-08-17 11:12:59 [main] INFO  testCases.TC001_RegistrationPage - Test is Finished
2026-08-17 11:13:01 [main] INFO  testCases.TC002_LoginPage - *** Test TC002_LoginPage started ***
2026-08-17 11:13:01 [main] INFO  testCases.TC002_LoginPage - Entering the credentials
2026-08-17 11:13:03 [main] INFO  testCases.TC002_LoginPage - *** Test TC002_LoginPage Ended ***
2026-08-17 11:16:18 [main] INFO  testCases.TC001_RegistrationPage - **** Test TC001_RegistrationPage  is Starred..****
2026-08-17 11:16:18 [main] INFO  testCases.TC001_RegistrationPage - Clicked MyAccount
2026-08-17 11:16:19 [main] INFO  testCases.TC001_RegistrationPage - Clicked Resgister
2026-08-17 11:16:19 [main] INFO  testCases.TC001_RegistrationPage - Entering User Information
2026-08-17 11:16:20 [main] INFO  testCases.TC001_RegistrationPage - Test is Finished
2026-08-17 11:16:23 [main] INFO  testCases.TC002_LoginPage - *** Test TC002_LoginPage started ***
2026-08-17 11:16:23 [main] INFO  testCases.TC002_LoginPage - Entering the credentials
2026-08-17 11:16:24 [main] INFO  testCases.TC002_LoginPage - *** Test TC002_LoginPage Ended ***
2026-08-17 11:21:19 [main] INFO  testCases.TC001_RegistrationPage - **** Test TC001_RegistrationPage  is Starred..****
2026-08-17 11:21:19 [main] INFO  testCases.TC001_RegistrationPage - Clicked MyAccount
2026-08-17 11:21:19 [main] INFO  testCases.TC001_RegistrationPage - Clicked Resgister
2026-08-17 11:21:19 [main] INFO  testCases.TC001_RegistrationPage - Entering User Information
2026-08-17 11:21:21 [main] INFO  testCases.TC001_RegistrationPage - Test is Finished
2026-08-17 11:22:46 [main] INFO  testCases.TC002_LoginPage - *** Test TC002_LoginPage started ***
2026-08-17 11:22:46 [main] INFO  testCases.TC002_LoginPage - Entering the credentials
2026-08-17 11:22:48 [main] INFO  testCases.TC002_LoginPage - *** Test TC002_LoginPage Ended ***
